
Discarded input sections

 .comment       0x00000000       0x27 main.o
 .ARM.attributes
                0x00000000       0x2a main.o
 .comment       0x00000000       0x27 global.o
 .ARM.attributes
                0x00000000       0x2a global.o

Memory Configuration

Name             Origin             Length             Attributes
ROM              0x0000a000         0x00001000
RAM              0x0000c000         0x00001000
*default*        0x00000000         0xffffffff

Linker script and memory map

                0x0000000a                        a = 0xa
                0x00000014                        b = 0x14

.sachin         0x0000a000       0xa8
 *(.sachin)
 .sachin        0x0000a000       0xa8 main.o
                0x0000a000                copy_data

.text           0x0000a0a8       0x60
 *(.text)
 .text          0x0000a0a8       0x44 main.o
                0x0000a0a8                foo
 .text          0x0000a0ec       0x1c global.o
                0x0000a0ec                bar
                0x0000a0c6                        c = (a + b)
                0x0000a09e                        d = (a - b)
                0x0000a170                        e = (a * b)
                0x0000a0a8                        f = (a / b)

.rodata         0x0000a108        0x8
 *(.rodata)
 .rodata        0x0000a108        0x4 global.o
 *(.abc)
 .abc           0x0000a10c        0x4 main.o
                0x0000a10c                uninit_global
                0x0000a110                        _src_start_data_ = .

.data           0x0000c000        0x8 load address 0x0000a110
                0x0000c000                        _dst_start_data_ = .
 *(.data)
 .data          0x0000c000        0x4 main.o
                0x0000c000                init_global
 .data          0x0000c004        0x4 global.o
                0x0000c008                        _dst_end_data_ = .

.bss            0x0000c008        0x4
                0x0000c008                        _start_bss_ = .
 *(.bss)
 .bss           0x0000c008        0x0 main.o
 .bss           0x0000c008        0x4 global.o
                0x0000c00c                        _end_bss_ = .

/DISCARD/
 *(*)
LOAD main.o
LOAD global.o
OUTPUT(main.elf elf32-littlearm)
LOAD linker stubs
