
Discarded input sections

 .comment       0x00000000       0x27 main.o
 .ARM.attributes
                0x00000000       0x2a main.o
 .comment       0x00000000       0x27 global.o
 .ARM.attributes
                0x00000000       0x2a global.o

Memory Configuration

Name             Origin             Length             Attributes
SOME_NAME        0x0000a000         0x00001000
*default*        0x00000000         0xffffffff

Linker script and memory map


.text           0x0000a000       0x60
 *(.text)
 .text          0x0000a000       0x44 main.o
                0x0000a000                foo
 .text          0x0000a044       0x1c global.o
                0x0000a044                bar

.data           0x0000a060        0x8
 *(.data)
 .data          0x0000a060        0x4 main.o
                0x0000a060                init_global
 .data          0x0000a064        0x4 global.o
                0x0000a064                b

.bss            0x0000a068        0x8
 *(.bss)
 .bss           0x0000a068        0x4 main.o
                0x0000a068                uninit_global
 .bss           0x0000a06c        0x4 global.o
                0x0000a06c                a

/DISCARD/
 *(*)
LOAD main.o
LOAD global.o
OUTPUT(main.elf elf32-littlearm)
LOAD linker stubs
